exports[`<Button /> should render default snapshot 1`] = `
ShallowWrapper {
  "length": 1,
  Symbol(enzyme.__root__): [Circular],
  Symbol(enzyme.__unrendered__): <Button
    disabled={false}
    onClick={[Function]}
    styleSheet={
        Object {
            "button": "button",
          }
    }
    tabIndex={0}
    type="button">
    Click me
</Button>,
  Symbol(enzyme.__renderer__): Object {
    "batchedUpdates": [Function],
    "getNode": [Function],
    "render": [Function],
    "simulateEvent": [Function],
    "unmount": [Function],
  },
  Symbol(enzyme.__node__): Object {
    "instance": null,
    "key": undefined,
    "nodeType": "host",
    "props": Object {
      "children": "Click me",
      "className": "button button",
      "disabled": false,
      "onClick": [Function],
      "tabIndex": 0,
      "type": "button",
    },
    "ref": null,
    "rendered": "Click me",
    "type": "button",
  },
  Symbol(enzyme.__nodes__): Array [
    Object {
      "instance": null,
      "key": undefined,
      "nodeType": "host",
      "props": Object {
        "children": "Click me",
        "className": "button button",
        "disabled": false,
        "onClick": [Function],
        "tabIndex": 0,
        "type": "button",
      },
      "ref": null,
      "rendered": "Click me",
      "type": "button",
    },
  ],
  Symbol(enzyme.__options__): Object {
    "adapter": ReactFifteenFourAdapter {
      "options": Object {
        "supportPrevContextArgumentOfComponentDidUpdate": true,
      },
    },
  },
}
`;
